{
  "branch": [
    {
      "policy": "algebraic_multistart",
      "scenes": 6,
      "accepted": 5,
      "correct": 3,
      "wrong_accepted": 2,
      "wrong_accept_CP_upper_one_sided_95": 0.7286616274802475,
      "correct_rejected": 0,
      "initial_bank_missing": 0,
      "covered_scenes": 6,
      "wrong_selected_given_covered_count": 3,
      "median_fit_seconds": 0.014368241500022805,
      "median_coverage_seconds": 0.0,
      "median_error_m": 0.18882375749941263
    },
    {
      "policy": "branch_acquisition",
      "scenes": 6,
      "accepted": 5,
      "correct": 6,
      "wrong_accepted": 0,
      "wrong_accept_CP_upper_one_sided_95": 0.39303776899708265,
      "correct_rejected": 1,
      "initial_bank_missing": 0,
      "covered_scenes": 6,
      "wrong_selected_given_covered_count": 0,
      "median_fit_seconds": 0.045052490999978545,
      "median_coverage_seconds": 0.0,
      "median_error_m": 0.0028942834015445364
    },
    {
      "policy": "coverage_aware",
      "scenes": 6,
      "accepted": 4,
      "correct": 6,
      "wrong_accepted": 0,
      "wrong_accept_CP_upper_one_sided_95": 0.39303776899708265,
      "correct_rejected": 2,
      "initial_bank_missing": 0,
      "covered_scenes": 6,
      "wrong_selected_given_covered_count": 0,
      "median_fit_seconds": 0.043399713500008374,
      "median_coverage_seconds": 0.021399332000015647,
      "median_error_m": 0.0028942834015445364
    },
    {
      "policy": "fisher_acquisition",
      "scenes": 6,
      "accepted": 5,
      "correct": 6,
      "wrong_accepted": 0,
      "wrong_accept_CP_upper_one_sided_95": 0.39303776899708265,
      "correct_rejected": 1,
      "initial_bank_missing": 0,
      "covered_scenes": 6,
      "wrong_selected_given_covered_count": 0,
      "median_fit_seconds": 0.04296241000000123,
      "median_coverage_seconds": 0.0,
      "median_error_m": 0.0025552312362497036
    },
    {
      "policy": "naive_multistart",
      "scenes": 6,
      "accepted": 5,
      "correct": 3,
      "wrong_accepted": 2,
      "wrong_accept_CP_upper_one_sided_95": 0.7286616274802475,
      "correct_rejected": 0,
      "initial_bank_missing": 3,
      "covered_scenes": 3,
      "wrong_selected_given_covered_count": 0,
      "median_fit_seconds": 0.014368241500022805,
      "median_coverage_seconds": 0.0,
      "median_error_m": 0.18882375749941263
    },
    {
      "policy": "random_acquisition",
      "scenes": 6,
      "accepted": 5,
      "correct": 6,
      "wrong_accepted": 0,
      "wrong_accept_CP_upper_one_sided_95": 0.39303776899708265,
      "correct_rejected": 1,
      "initial_bank_missing": 0,
      "covered_scenes": 6,
      "wrong_selected_given_covered_count": 0,
      "median_fit_seconds": 0.04444194649997257,
      "median_coverage_seconds": 0.0,
      "median_error_m": 0.0027987094809064257
    }
  ],
  "calibration_rows": 18
}
