case_start 18
fit_done 18 gaussian_K144 0.3646600842475891 0.06858186423778534 41.635614199999964
fit_done 18 voxel 0.3437407910823822 0.09064175188541412 32.85989820000009
case_start 19
fit_done 19 gaussian_K16 0.5061869621276855 0.18728770315647125 35.76107909999996
fit_done 19 gaussian_K64 0.41502487659454346 0.10452866554260254 39.70051479999995
fit_done 19 gaussian_K144 0.38221555948257446 0.06707209348678589 41.756125699999984
fit_done 19 voxel 0.3735920190811157 0.09559070318937302 33.903981499999986
case_start 20
fit_done 20 gaussian_K16 0.5637210607528687 0.1692519336938858 34.61838230000012
fit_done 20 gaussian_K64 0.37776848673820496 0.07390096038579941 37.99632930000007
fit_done 20 gaussian_K144 0.30174416303634644 0.05522795766592026 40.68335909999996
fit_done 20 voxel 0.445736289024353 0.11838892102241516 32.59107760000006
case_start 21
fit_done 21 gaussian_K16 0.54200279712677 0.16520172357559204 33.36400129999993
fit_done 21 gaussian_K64 0.3697926700115204 0.07530377060174942 36.987398600000006
fit_done 21 gaussian_K144 0.3135542869567871 0.06185401603579521 40.11137460000009
fit_done 21 voxel 0.4476790130138397 0.11839786916971207 32.65065040000013
case_start 22
fit_done 22 gaussian_K16 0.5534834265708923 0.17627203464508057 34.99866850000012
fit_done 22 gaussian_K64 0.36322590708732605 0.07797609269618988 38.26735039999994
fit_done 22 gaussian_K144 0.33175891637802124 0.06757422536611557 39.7559511999998
fit_done 22 voxel 0.44657760858535767 0.11802490055561066 32.39477850000003
case_start 23
fit_done 23 gaussian_K16 0.5344739556312561 0.16450606286525726 33.9928046
fit_done 23 gaussian_K64 0.34396061301231384 0.06347744911909103 37.49416629999996
fit_done 23 gaussian_K144 0.3089454770088196 0.05872341990470886 40.91831030000003
fit_done 23 voxel 0.4482322037220001 0.12920576333999634 33.02894030000016
case_start 24
fit_done 24 gaussian_K16 0.45665088295936584 0.1458030343055725 35.570270000000164
fit_done 24 gaussian_K64 0.3261617124080658 0.07112337648868561 39.03060370000003
fit_done 24 gaussian_K144 0.2837786376476288 0.06329550594091415 40.766866200000095
fit_done 24 voxel 0.4454580843448639 0.14256267249584198 33.675282800000105
case_start 25
fit_done 25 gaussian_K16 0.45463496446609497 0.1356409639120102 35.39610660000017
fit_done 25 gaussian_K64 0.33270859718322754 0.06525655090808868 39.26143569999999
fit_done 25 gaussian_K144 0.2736096978187561 0.050497010350227356 40.981801800000085
fit_done 25 voxel 0.4391459822654724 0.13059601187705994 34.0451579999999
case_start 26
fit_done 26 gaussian_K16 0.5721706748008728 0.18224099278450012 33.32857249999984
fit_done 26 gaussian_K64 0.4061799645423889 0.0742279514670372 38.27318710000009
fit_done 26 gaussian_K144 0.3181212842464447 0.05413619801402092 39.99839100000008
fit_done 26 voxel 0.4835333824157715 0.12443127483129501 32.368831
case_start 27
fit_done 27 gaussian_K16 0.5626852512359619 0.17919707298278809 33.01336870000023
fit_done 27 gaussian_K64 0.354544997215271 0.07454445958137512 36.579284800000096
fit_done 27 gaussian_K144 0.24796439707279205 0.051208071410655975 38.80228369999986
fit_done 27 voxel 0.4506323039531708 0.12216323614120483 32.04993650000006
case_start 28
fit_done 28 gaussian_K16 0.5461937785148621 0.17186607420444489 33.35792020000008
fit_done 28 gaussian_K64 0.3526327908039093 0.07357342541217804 34.12643389999994
fit_done 28 gaussian_K144 0.25641390681266785 0.05459458753466606 35.382362300000295
fit_done 28 voxel 0.43437790870666504 0.12107772380113602 31.11910349999971
case_start 29
fit_done 29 gaussian_K16 0.5902652740478516 0.1956937462091446 32.95851410000023
fit_done 29 gaussian_K64 0.3517743647098541 0.07344658672809601 34.37704769999982
fit_done 29 gaussian_K144 0.30165979266166687 0.06325611472129822 35.36997569999994
fit_done 29 voxel 0.44329139590263367 0.11950819194316864 31.24187269999993
{
  "completed_cases": [
    18,
    19,
    20,
    21,
    22,
    23,
    24,
    25,
    26,
    27,
    28,
    29
  ],
  "config_hash": "34aff2c1c886ba588aa841e3a123e98b6563160f9c911b497654d61430888a2c"
}
