case_start 0
fit_done 0 gaussian_K16 0.4067504928893995 0.13561196625232697 13.14275900000007
fit_done 0 gaussian_K64 0.2711444448604673 0.05839500576257706 13.458014300000059
fit_done 0 gaussian_K144 0.19682715906797799 0.026242569088935852 13.367381699999896
fit_done 0 voxel 0.21248349845658998 0.052681636065244675 10.985585700000001
case_start 1
fit_done 1 gaussian_K16 0.4191426707433973 0.14786168932914734 11.628592799999979
fit_done 1 gaussian_K64 0.2473617708262234 0.052997130900621414 13.332141799999818
fit_done 1 gaussian_K144 0.17531982265249463 0.012532617896795273 13.388856700000133
fit_done 1 voxel 0.20572093374430978 0.053739678114652634 10.989459099999976
case_start 2
fit_done 2 gaussian_K16 0.42512799446817084 0.14574144780635834 12.75188479999997
fit_done 2 gaussian_K64 0.2687048316163797 0.053970448672771454 13.259395599999834
fit_done 2 gaussian_K144 0.23326516336549966 0.02800149656832218 13.287228200000072
fit_done 2 voxel 0.2353089961922856 0.05092446506023407 11.046604200000047
case_start 3
fit_done 3 gaussian_K16 0.45457443844580037 0.16495603322982788 12.39376150000021
fit_done 3 gaussian_K64 0.26755347833229265 0.05617687851190567 13.305890999999974
fit_done 3 gaussian_K144 0.1803272029512275 0.01058556605130434 13.82608950000008
fit_done 3 voxel 0.22375699356479048 0.05179679021239281 11.09293179999986
case_start 4
fit_done 4 gaussian_K16 0.34527264650288164 0.12353792786598206 13.162197100000185
fit_done 4 gaussian_K64 0.2183457085099476 0.05138683691620827 13.881398399999853
fit_done 4 gaussian_K144 0.14720932844639 0.017376411706209183 14.503377199999932
fit_done 4 voxel 0.18689208194652318 0.05475936830043793 11.337712199999942
case_start 5
fit_done 5 gaussian_K16 0.38749475880844614 0.14254721999168396 12.022917000000007
fit_done 5 gaussian_K64 0.24209955899611368 0.06199128180742264 13.36884310000005
fit_done 5 gaussian_K144 0.15615846108350653 0.018029971048235893 13.345235999999886
fit_done 5 voxel 0.19156882766711486 0.054441556334495544 11.004052899999806
case_start 6
fit_done 6 gaussian_K16 0.4534532873770467 0.17006918787956238 11.480051900000035
fit_done 6 gaussian_K64 0.2027679134744702 0.039832718670368195 12.870309099999758
fit_done 6 gaussian_K144 0.17726333911821826 0.0407082624733448 13.020831299999827
fit_done 6 voxel 0.19704400205355377 0.046514466404914856 10.627901299999849
case_start 7
fit_done 7 gaussian_K16 0.42625339945646484 0.15246960520744324 12.993567200000143
fit_done 7 gaussian_K64 0.2605699874854513 0.0703640729188919 14.349060999999892
fit_done 7 gaussian_K144 0.14537815742698035 0.012691186740994453 14.862621199999921
fit_done 7 voxel 0.20256066196722328 0.06135577708482742 11.171729899999718
case_start 8
fit_done 8 gaussian_K16 0.38068148661191464 0.14562676846981049 12.932179100000212
fit_done 8 gaussian_K64 0.18110781185333663 0.045225244015455246 13.25877890000038
fit_done 8 gaussian_K144 0.13721108933090748 0.03248780593276024 13.607146199999988
fit_done 8 voxel 0.15943797350085545 0.05138751491904259 10.939610200000061
case_start 9
fit_done 9 gaussian_K16 0.40857842274593087 0.15276995301246643 11.723583200000121
fit_done 9 gaussian_K64 0.25395727318107203 0.04645359516143799 13.156703300000117
fit_done 9 gaussian_K144 0.22140453878765995 0.026120223104953766 13.142249099999844
fit_done 9 voxel 0.2081289316658219 0.047727636992931366 10.942964500000016
case_start 10
fit_done 10 gaussian_K16 0.4714001715183258 0.1582866609096527 13.30815709999979
fit_done 10 gaussian_K64 0.4043526351451874 0.07055593281984329 15.089793900000132
fit_done 10 gaussian_K144 0.39627689123153687 0.05562330782413483 15.166027699999631
fit_done 10 voxel 0.38468167185783386 0.0906357616186142 11.957327600000099
case_start 11
fit_done 11 gaussian_K16 0.5025668740272522 0.1675439476966858 12.931395000000066
fit_done 11 gaussian_K64 0.41925519704818726 0.06479910761117935 14.76516040000024
fit_done 11 gaussian_K144 0.411140501499176 0.04237266629934311 14.945436399999835
fit_done 11 voxel 0.40552592277526855 0.0856618657708168 12.038043300000027
case_start 12
fit_done 12 gaussian_K16 0.5598786473274231 0.21715903282165527 14.118371300000035
fit_done 12 gaussian_K64 0.4467396140098572 0.09556856751441956 15.352640500000234
fit_done 12 gaussian_K144 0.406197190284729 0.06072009727358818 15.704181300000073
fit_done 12 voxel 0.39824578166007996 0.08871287107467651 12.06145830000014
case_start 13
fit_done 13 gaussian_K16 0.5194376707077026 0.1834423542022705 12.826300700000047
fit_done 13 gaussian_K64 0.42150387167930603 0.06844671070575714 14.015915400000267
fit_done 13 gaussian_K144 0.4132910966873169 0.06727807223796844 14.20989739999959
fit_done 13 voxel 0.3970249593257904 0.08549521863460541 11.654118099999778
case_start 14
fit_done 14 gaussian_K16 0.5285194516181946 0.17215374112129211 13.174523800000316
fit_done 14 gaussian_K64 0.47909754514694214 0.09929516911506653 14.628057400000216
fit_done 14 gaussian_K144 0.450039267539978 0.07281558215618134 14.985283399999844
fit_done 14 voxel 0.43557992577552795 0.09143474698066711 11.869551899999806
case_start 15
fit_done 15 gaussian_K16 0.5362037420272827 0.20012962818145752 13.9434968999999
fit_done 15 gaussian_K64 0.43404102325439453 0.09194967150688171 15.409386000000268
fit_done 15 gaussian_K144 0.40839919447898865 0.052026160061359406 16.0166135999998
fit_done 15 voxel 0.4088733494281769 0.09282524138689041 12.374825200000032
case_start 16
fit_done 16 gaussian_K16 0.4591135084629059 0.16029717028141022 14.123930499999915
fit_done 16 gaussian_K64 0.4028332531452179 0.08810295164585114 16.010761000000002
fit_done 16 gaussian_K144 0.3981133699417114 0.045085739344358444 16.650328400000035
fit_done 16 voxel 0.37922680377960205 0.09708212316036224 12.865195500000027
case_start 17
fit_done 17 gaussian_K16 0.5999695062637329 0.24425055086612701 11.925665599999775
fit_done 17 gaussian_K64 0.4372997283935547 0.05182261019945145 13.42031820000011
fit_done 17 gaussian_K144 0.46344828605651855 0.09719869494438171 13.515506699999605
fit_done 17 voxel 0.42601045966148376 0.09480271488428116 11.490402399999766
case_start 18
fit_done 18 gaussian_K16 0.4056217670440674 0.12756231427192688 13.452072300000054
fit_done 18 gaussian_K64 0.3521047830581665 0.0504508838057518 14.658709499999986
